// Jest Snapshot v1, https://goo.gl/fbAQLP

exports[`Contains the MealList 1`] = `
<DocumentFragment>
  <div>
    <div
      class="container"
    >
      Loading...
    </div>
  </div>
</DocumentFragment>
`;
